// Jest Snapshot v1, https://goo.gl/fbAQLP

exports[`App component renders correctly 1`] = `
<View
  style={
    {
      "flex": 1,
    }
  }
>
  <RNCSafeAreaProvider
    onInsetsChange={[Function]}
    style={
      [
        {
          "flex": 1,
        },
        undefined,
      ]
    }
  >
    <View
      style={
        {
          "flex": 1,
        }
      }
    >
      <RNSScreenContainer
        onLayout={[Function]}
        style={
          {
            "flex": 1,
          }
        }
      >
        <RNSScreen
          activityState={2}
          collapsable={false}
          gestureResponseDistance={
            {
              "bottom": -1,
              "end": -1,
              "start": -1,
              "top": -1,
            }
          }
          onGestureCancel={[Function]}
          pointerEvents="box-none"
          sheetAllowedDetents={
            [
              1,
            ]
          }
          sheetCornerRadius={-1}
          sheetElevation={24}
          sheetExpandsWhenScrolledToEdge={true}
          sheetGrabberVisible={false}
          sheetInitialDetent={0}
          sheetLargestUndimmedDetent={-1}
          style={
            {
              "bottom": 0,
              "left": 0,
              "position": "absolute",
              "right": 0,
              "top": 0,
              "zIndex": undefined,
            }
          }
        >
          <View
            collapsable={false}
            style={
              {
                "opacity": 1,
              }
            }
          />
          <View
            accessibilityElementsHidden={false}
            collapsable={false}
            importantForAccessibility="auto"
            opening={false}
            pointerEvents="box-none"
            preloaded={false}
            style={
              [
                {
                  "display": "flex",
                  "overflow": undefined,
                },
                {
                  "bottom": 0,
                  "left": 0,
                  "position": "absolute",
                  "right": 0,
                  "top": 0,
                },
              ]
            }
          >
            <View
              collapsable={false}
              pointerEvents="box-none"
              style={
                {
                  "flex": 1,
                  "marginTop": 0,
                }
              }
            >
              <View
                collapsable={false}
                enabled={false}
                handlerTag={1}
                handlerType="PanGestureHandler"
                needsOffscreenAlphaCompositing={false}
                onGestureHandlerEvent={[Function]}
                onGestureHandlerStateChange={[Function]}
                style={
                  {
                    "flex": 1,
                    "transform": [
                      {
                        "translateX": 0,
                      },
                      {
                        "translateX": 0,
                      },
                    ],
                  }
                }
              >
                <View
                  pointerEvents="box-none"
                  style={
                    [
                      {
                        "flex": 1,
                        "overflow": "hidden",
                      },
                      [
                        {
                          "backgroundColor": "rgb(242, 242, 242)",
                        },
                        undefined,
                      ],
                    ]
                  }
                >
                  <View
                    style={
                      {
                        "flex": 1,
                      }
                    }
                  >
                    <View
                      style={
                        {
                          "flex": 1,
                        }
                      }
                    >
                      <View
                        style={
                          {
                            "alignItems": "center",
                            "flex": 1,
                            "justifyContent": "center",
                          }
                        }
                      >
                        <Text>
                          Welcome to the Home Screen!
                        </Text>
                        <View
                          accessibilityRole="button"
                          accessibilityState={
                            {
                              "busy": undefined,
                              "checked": undefined,
                              "disabled": undefined,
                              "expanded": undefined,
                              "selected": undefined,
                            }
                          }
                          accessibilityValue={
                            {
                              "max": undefined,
                              "min": undefined,
                              "now": undefined,
                              "text": undefined,
                            }
                          }
                          accessible={true}
                          collapsable={false}
                          focusable={true}
                          onClick={[Function]}
                          onResponderGrant={[Function]}
                          onResponderMove={[Function]}
                          onResponderRelease={[Function]}
                          onResponderTerminate={[Function]}
                          onResponderTerminationRequest={[Function]}
                          onStartShouldSetResponder={[Function]}
                          style={
                            {
                              "opacity": 1,
                            }
                          }
                        >
                          <View
                            style={
                              [
                                {},
                              ]
                            }
                          >
                            <Text
                              style={
                                [
                                  {
                                    "color": "#007AFF",
                                    "fontSize": 18,
                                    "margin": 8,
                                    "textAlign": "center",
                                  },
                                ]
                              }
                            >
                              Go to Profile
                            </Text>
                          </View>
                        </View>
                      </View>
                    </View>
                  </View>
                </View>
              </View>
            </View>
          </View>
        </RNSScreen>
      </RNSScreenContainer>
      <View
        collapsable={false}
        pointerEvents="box-none"
        style={
          {
            "end": 0,
            "height": 44,
            "position": "absolute",
            "start": 0,
            "top": 0,
            "zIndex": 1,
          }
        }
      />
    </View>
  </RNCSafeAreaProvider>
</View>
`;
